// Jest Snapshot v1, https://goo.gl/fbAQLP

exports[`User Chip test suite Render user chip 1`] = `
<Chip
  containerElement="div"
  key="Chip_unitTestUserID"
  onBlur={[Function]}
  onFocus={[Function]}
  onKeyDown={[Function]}
  onKeyboardFocus={[Function]}
  onMouseDown={[Function]}
  onMouseEnter={[Function]}
  onMouseLeave={[Function]}
  onMouseUp={[Function]}
  onTouchEnd={[Function]}
  onTouchStart={[Function]}
  style={
    Object {
      "display": "inline-flex",
      "marginRight": "4px",
    }
  }
>
  <Avatar
    key="Avatar_unitTestUserID"
    size={40}
  >
    U
  </Avatar>
  unitTestDisplayName
</Chip>
`;
