// Jest Snapshot v1, https://goo.gl/fbAQLP

exports[`App test suite Render app component 1`] = `
<div
  style={
    Object {
      "height": "100%",
    }
  }
>
  <Connect(Nav) />
  <withRouter(Connect(Routes)) />
  <Connect(ErrorMessage) />
  <Footer />
</div>
`;
