// Jest Snapshot v1, https://goo.gl/fbAQLP

exports[`My Account test suite Render my account screen 1`] = `
<form
  name="MyAccountForm"
  onSubmit={[Function]}
  style={
    Object {
      "marginTop": "20px",
      "textAlign": "center",
    }
  }
>
  <h2>
    Your Details
  </h2>
  <div
    className="row"
  >
    <div
      className="col-lg-4 col-lg-push-4 col-md-6 col-md-push-3 col-sm-8 col-sm-push-2 col-xs-12"
    >
      <div>
        <TextField
          defaultValue="unitTestEmail"
          disabled={true}
          floatingLabelFixed={false}
          floatingLabelText="Email Address"
          fullWidth={false}
          hintText="email@example.com"
          multiLine={false}
          name="email"
          onChange={[Function]}
          required={true}
          rows={1}
          type="text"
          underlineShow={true}
        />
      </div>
      <div>
        <TextField
          defaultValue="unitTestDisplayName"
          disabled={false}
          floatingLabelFixed={false}
          floatingLabelText="Display Name"
          fullWidth={false}
          hintText="My name"
          multiLine={false}
          name="DISPLAYNAME"
          onChange={[Function]}
          required={true}
          rows={1}
          type="text"
          underlineShow={true}
        />
      </div>
      <div>
        <div
          style={
            Object {
              "display": "inline-flex",
              "verticalAlign": "middle",
            }
          }
        >
          <FlatButton
            disabled={false}
            fullWidth={false}
            label="Update"
            labelPosition="after"
            labelStyle={Object {}}
            onKeyboardFocus={[Function]}
            onMouseEnter={[Function]}
            onMouseLeave={[Function]}
            onTouchStart={[Function]}
            primary={false}
            secondary={false}
            style={
              Object {
                "verticalAlign": "middle",
              }
            }
            type="submit"
          />
        </div>
        <div
          style={
            Object {
              "display": "inline-flex",
              "verticalAlign": "middle",
            }
          }
        >
          <FlatButton
            disabled={false}
            fullWidth={false}
            label="Change Password"
            labelPosition="after"
            labelStyle={Object {}}
            onClick={[Function]}
            onKeyboardFocus={[Function]}
            onMouseEnter={[Function]}
            onMouseLeave={[Function]}
            onTouchStart={[Function]}
            primary={false}
            secondary={true}
            style={
              Object {
                "verticalAlign": "middle",
              }
            }
          />
        </div>
        <div
          style={
            Object {
              "display": "inline-flex",
              "verticalAlign": "middle",
            }
          }
        >
          <FlatButton
            disabled={false}
            fullWidth={false}
            label="Delete"
            labelPosition="after"
            labelStyle={Object {}}
            onClick={[Function]}
            onKeyboardFocus={[Function]}
            onMouseEnter={[Function]}
            onMouseLeave={[Function]}
            onTouchStart={[Function]}
            primary={false}
            secondary={true}
            style={
              Object {
                "verticalAlign": "middle",
              }
            }
          />
        </div>
      </div>
    </div>
  </div>
  <Snackbar
    autoHideDuration={4000}
    message="Details updated"
    onRequestClose={[Function]}
    open={false}
  />
  <Dialog
    actions={
      Array [
        <FlatButton
          disabled={false}
          fullWidth={false}
          label="No"
          labelPosition="after"
          labelStyle={Object {}}
          onClick={[Function]}
          onKeyboardFocus={[Function]}
          onMouseEnter={[Function]}
          onMouseLeave={[Function]}
          onTouchStart={[Function]}
          primary={true}
          secondary={false}
        />,
        <FlatButton
          disabled={false}
          fullWidth={false}
          keyboardFocused={true}
          label="Yes"
          labelPosition="after"
          labelStyle={Object {}}
          onClick={[Function]}
          onKeyboardFocus={[Function]}
          onMouseEnter={[Function]}
          onMouseLeave={[Function]}
          onTouchStart={[Function]}
          primary={true}
          secondary={false}
        />,
      ]
    }
    autoDetectWindowHeight={true}
    autoScrollBodyContent={false}
    modal={false}
    onRequestClose={[Function]}
    open={false}
    repositionOnUpdate={true}
    title="Delete User"
  >
    Are you sure you want to delete your account?
  </Dialog>
</form>
`;
